MPLINK 4.48, Linker
Linker Map File - Created Wed Mar 11 18:50:51 2015

                                 Section Info
                  Section       Type    Address   Location Size(Bytes)
                ---------  ---------  ---------  ---------  ---------
                   .org_0       code   0x000000    program   0x000000
                   .org_1       code   0x000000    program   0x000020
       .config_300000_1.O    romdata   0x300000    program   0x000001
       .config_300001_1.O    romdata   0x300001    program   0x000001
       .config_300002_1.O    romdata   0x300002    program   0x000001
       .config_300003_1.O    romdata   0x300003    program   0x000001
       .config_300005_1.O    romdata   0x300005    program   0x000001
       .config_300006_1.O    romdata   0x300006    program   0x000001
       .config_300008_1.O    romdata   0x300008    program   0x000001
       .config_300009_1.O    romdata   0x300009    program   0x000001
       .config_30000A_1.O    romdata   0x30000a    program   0x000001
       .config_30000B_1.O    romdata   0x30000b    program   0x000001
       .config_30000C_1.O    romdata   0x30000c    program   0x000001
       .config_30000D_1.O    romdata   0x30000d    program   0x000001



                              Program Memory Usage 
                               Start         End      
                           ---------   ---------      
                            0x000000    0x00001f      
                            0x300000    0x300003      
                            0x300005    0x300006      
                            0x300008    0x30000d      
            44 out of 33048 program addresses used, program memory utilization is 0%



                              Symbols - Sorted by Name
                     Name    Address   Location    Storage File                     
                ---------  ---------  ---------  --------- ---------                
                   Delay1   0x000000    program     static E:\Passport\2_D_Drive_Embedded_PC\7_EmbeddedLAb20.com\Kits\Emtron_PIC_Kit\Emtron_PIC\Examples\10-Emtron_asm\1.asm
                  Delay11   0x00000c    program     static E:\Passport\2_D_Drive_Embedded_PC\7_EmbeddedLAb20.com\Kits\Emtron_PIC_Kit\Emtron_PIC\Examples\10-Emtron_asm\1.asm
                  Delay22   0x000016    program     static E:\Passport\2_D_Drive_Embedded_PC\7_EmbeddedLAb20.com\Kits\Emtron_PIC_Kit\Emtron_PIC\Examples\10-Emtron_asm\1.asm
                 MainLoop   0x000008    program     static E:\Passport\2_D_Drive_Embedded_PC\7_EmbeddedLAb20.com\Kits\Emtron_PIC_Kit\Emtron_PIC\Examples\10-Emtron_asm\1.asm
                    Start   0x000002    program     static E:\Passport\2_D_Drive_Embedded_PC\7_EmbeddedLAb20.com\Kits\Emtron_PIC_Kit\Emtron_PIC\Examples\10-Emtron_asm\1.asm



                              Symbols - Sorted by Address
                     Name    Address   Location    Storage File                     
                ---------  ---------  ---------  --------- ---------                
                   Delay1   0x000000    program     static E:\Passport\2_D_Drive_Embedded_PC\7_EmbeddedLAb20.com\Kits\Emtron_PIC_Kit\Emtron_PIC\Examples\10-Emtron_asm\1.asm
                    Start   0x000002    program     static E:\Passport\2_D_Drive_Embedded_PC\7_EmbeddedLAb20.com\Kits\Emtron_PIC_Kit\Emtron_PIC\Examples\10-Emtron_asm\1.asm
                 MainLoop   0x000008    program     static E:\Passport\2_D_Drive_Embedded_PC\7_EmbeddedLAb20.com\Kits\Emtron_PIC_Kit\Emtron_PIC\Examples\10-Emtron_asm\1.asm
                  Delay11   0x00000c    program     static E:\Passport\2_D_Drive_Embedded_PC\7_EmbeddedLAb20.com\Kits\Emtron_PIC_Kit\Emtron_PIC\Examples\10-Emtron_asm\1.asm
                  Delay22   0x000016    program     static E:\Passport\2_D_Drive_Embedded_PC\7_EmbeddedLAb20.com\Kits\Emtron_PIC_Kit\Emtron_PIC\Examples\10-Emtron_asm\1.asm


