MPLINK 4.48, Linker
Linker Map File - Created Wed Feb 18 10:45:38 2015

                                 Section Info
                  Section       Type    Address   Location Size(Bytes)
                ---------  ---------  ---------  ---------  ---------
                   .org_0       code   0x000000    program   0x000000
                   .org_1       code   0x000000    program   0x000002
                   .org_2       code   0x000008    program   0x000080
                   .org_3       code   0x003000    program   0x000010
     .config_300000_PWM.O    romdata   0x300000    program   0x000001
     .config_300001_PWM.O    romdata   0x300001    program   0x000001
     .config_300002_PWM.O    romdata   0x300002    program   0x000001
     .config_300003_PWM.O    romdata   0x300003    program   0x000001
     .config_300005_PWM.O    romdata   0x300005    program   0x000001
     .config_300006_PWM.O    romdata   0x300006    program   0x000001
     .config_300008_PWM.O    romdata   0x300008    program   0x000001
     .config_300009_PWM.O    romdata   0x300009    program   0x000001
     .config_30000A_PWM.O    romdata   0x30000a    program   0x000001
     .config_30000B_PWM.O    romdata   0x30000b    program   0x000001
     .config_30000C_PWM.O    romdata   0x30000c    program   0x000001
     .config_30000D_PWM.O    romdata   0x30000d    program   0x000001



                              Program Memory Usage 
                               Start         End      
                           ---------   ---------      
                            0x000000    0x000001      
                            0x000008    0x000087      
                            0x003000    0x00300f      
                            0x300000    0x300003      
                            0x300005    0x300006      
                            0x300008    0x30000d      
            158 out of 33048 program addresses used, program memory utilization is 0%



                              Symbols - Sorted by Name
                     Name    Address   Location    Storage File                     
                ---------  ---------  ---------  --------- ---------                
               CHECK_ADDR   0x000074    program     static E:\Passport\2_D_Drive_Embedded_PC\7_EmbeddedLAb20.com\Kits\Emtron_PIC_Kit\Emtron_PIC\Examples\10-Emtron_asm\pwm.asm
                CHECK_LOW   0x00007e    program     static E:\Passport\2_D_Drive_Embedded_PC\7_EmbeddedLAb20.com\Kits\Emtron_PIC_Kit\Emtron_PIC\Examples\10-Emtron_asm\pwm.asm
               DONE_CHECK   0x000086    program     static E:\Passport\2_D_Drive_Embedded_PC\7_EmbeddedLAb20.com\Kits\Emtron_PIC_Kit\Emtron_PIC\Examples\10-Emtron_asm\pwm.asm
                    MLOOP   0x000050    program     static E:\Passport\2_D_Drive_Embedded_PC\7_EmbeddedLAb20.com\Kits\Emtron_PIC_Kit\Emtron_PIC\Examples\10-Emtron_asm\pwm.asm
                  RD_DOWN   0x000064    program     static E:\Passport\2_D_Drive_Embedded_PC\7_EmbeddedLAb20.com\Kits\Emtron_PIC_Kit\Emtron_PIC\Examples\10-Emtron_asm\pwm.asm
                    RD_UP   0x00005c    program     static E:\Passport\2_D_Drive_Embedded_PC\7_EmbeddedLAb20.com\Kits\Emtron_PIC_Kit\Emtron_PIC\Examples\10-Emtron_asm\pwm.asm
                    START   0x00000a    program     static E:\Passport\2_D_Drive_Embedded_PC\7_EmbeddedLAb20.com\Kits\Emtron_PIC_Kit\Emtron_PIC\Examples\10-Emtron_asm\pwm.asm
                   T1POLL   0x00006c    program     static E:\Passport\2_D_Drive_Embedded_PC\7_EmbeddedLAb20.com\Kits\Emtron_PIC_Kit\Emtron_PIC\Examples\10-Emtron_asm\pwm.asm
                   TABEND   0x003010    program     static E:\Passport\2_D_Drive_Embedded_PC\7_EmbeddedLAb20.com\Kits\Emtron_PIC_Kit\Emtron_PIC\Examples\10-Emtron_asm\pwm.asm
                 TMR1_ISR   0x000054    program     static E:\Passport\2_D_Drive_Embedded_PC\7_EmbeddedLAb20.com\Kits\Emtron_PIC_Kit\Emtron_PIC\Examples\10-Emtron_asm\pwm.asm
                    again   0x000014    program     static E:\Passport\2_D_Drive_Embedded_PC\7_EmbeddedLAb20.com\Kits\Emtron_PIC_Kit\Emtron_PIC\Examples\10-Emtron_asm\pwm.asm



                              Symbols - Sorted by Address
                     Name    Address   Location    Storage File                     
                ---------  ---------  ---------  --------- ---------                
                    START   0x00000a    program     static E:\Passport\2_D_Drive_Embedded_PC\7_EmbeddedLAb20.com\Kits\Emtron_PIC_Kit\Emtron_PIC\Examples\10-Emtron_asm\pwm.asm
                    again   0x000014    program     static E:\Passport\2_D_Drive_Embedded_PC\7_EmbeddedLAb20.com\Kits\Emtron_PIC_Kit\Emtron_PIC\Examples\10-Emtron_asm\pwm.asm
                    MLOOP   0x000050    program     static E:\Passport\2_D_Drive_Embedded_PC\7_EmbeddedLAb20.com\Kits\Emtron_PIC_Kit\Emtron_PIC\Examples\10-Emtron_asm\pwm.asm
                 TMR1_ISR   0x000054    program     static E:\Passport\2_D_Drive_Embedded_PC\7_EmbeddedLAb20.com\Kits\Emtron_PIC_Kit\Emtron_PIC\Examples\10-Emtron_asm\pwm.asm
                    RD_UP   0x00005c    program     static E:\Passport\2_D_Drive_Embedded_PC\7_EmbeddedLAb20.com\Kits\Emtron_PIC_Kit\Emtron_PIC\Examples\10-Emtron_asm\pwm.asm
                  RD_DOWN   0x000064    program     static E:\Passport\2_D_Drive_Embedded_PC\7_EmbeddedLAb20.com\Kits\Emtron_PIC_Kit\Emtron_PIC\Examples\10-Emtron_asm\pwm.asm
                   T1POLL   0x00006c    program     static E:\Passport\2_D_Drive_Embedded_PC\7_EmbeddedLAb20.com\Kits\Emtron_PIC_Kit\Emtron_PIC\Examples\10-Emtron_asm\pwm.asm
               CHECK_ADDR   0x000074    program     static E:\Passport\2_D_Drive_Embedded_PC\7_EmbeddedLAb20.com\Kits\Emtron_PIC_Kit\Emtron_PIC\Examples\10-Emtron_asm\pwm.asm
                CHECK_LOW   0x00007e    program     static E:\Passport\2_D_Drive_Embedded_PC\7_EmbeddedLAb20.com\Kits\Emtron_PIC_Kit\Emtron_PIC\Examples\10-Emtron_asm\pwm.asm
               DONE_CHECK   0x000086    program     static E:\Passport\2_D_Drive_Embedded_PC\7_EmbeddedLAb20.com\Kits\Emtron_PIC_Kit\Emtron_PIC\Examples\10-Emtron_asm\pwm.asm
                   TABEND   0x003010    program     static E:\Passport\2_D_Drive_Embedded_PC\7_EmbeddedLAb20.com\Kits\Emtron_PIC_Kit\Emtron_PIC\Examples\10-Emtron_asm\pwm.asm


